../Core/Src/main.c:123:5:main	48	static,ignoring_inline_asm
../Core/Src/main.c:216:6:SystemClock_Config	88	static
../Core/Src/main.c:259:13:MX_ADC1_Init	24	static
../Core/Src/main.c:311:13:MX_I2C1_Init	8	static
../Core/Src/main.c:345:13:MX_IWDG_Init	8	static
../Core/Src/main.c:373:13:MX_USART1_UART_Init	8	static
../Core/Src/main.c:406:13:MX_USART2_UART_Init	8	static
../Core/Src/main.c:437:13:MX_DMA_Init	16	static
../Core/Src/main.c:459:13:MX_GPIO_Init	40	static
../Core/Src/main.c:497:6:HAL_ADC_ConvCpltCallback	32	static,ignoring_inline_asm
../Core/Src/main.c:504:6:HAL_UART_RxCpltCallback	32	static,ignoring_inline_asm
../Core/Src/main.c:512:6:HAL_I2C_MemRxCpltCallback	24	static,ignoring_inline_asm
../Core/Src/main.c:518:6:HAL_UART_TxCpltCallback	32	static,ignoring_inline_asm
../Core/Src/main.c:533:6:HAL_TIM_PeriodElapsedCallback	16	static
../Core/Src/main.c:551:6:Error_Handler	4	static,ignoring_inline_asm
