../Core/Src/main.c:118:5:main	2
../Core/Src/main.c:202:6:SystemClock_Config	3
../Core/Src/main.c:244:13:MX_ADC1_Init	3
../Core/Src/main.c:296:13:MX_I2C1_Init	2
../Core/Src/main.c:330:13:MX_USART1_UART_Init	2
../Core/Src/main.c:363:13:MX_USART2_UART_Init	2
../Core/Src/main.c:394:13:MX_DMA_Init	1
../Core/Src/main.c:416:13:MX_GPIO_Init	1
../Core/Src/main.c:432:6:HAL_ADC_ConvCpltCallback	2
../Core/Src/main.c:439:6:HAL_UART_RxCpltCallback	2
../Core/Src/main.c:449:6:HAL_I2C_MemRxCpltCallback	2
../Core/Src/main.c:464:6:HAL_TIM_PeriodElapsedCallback	2
../Core/Src/main.c:482:6:Error_Handler	1
