../Core/Src/main.c:119:5:main	24	static,ignoring_inline_asm
../Core/Src/main.c:203:6:SystemClock_Config	88	static
../Core/Src/main.c:245:13:MX_ADC1_Init	24	static
../Core/Src/main.c:297:13:MX_I2C1_Init	8	static
../Core/Src/main.c:331:13:MX_USART1_UART_Init	8	static
../Core/Src/main.c:364:13:MX_USART2_UART_Init	8	static
../Core/Src/main.c:395:13:MX_DMA_Init	16	static
../Core/Src/main.c:420:13:MX_GPIO_Init	16	static
../Core/Src/main.c:436:6:HAL_ADC_ConvCpltCallback	32	static,ignoring_inline_asm
../Core/Src/main.c:443:6:HAL_UART_RxCpltCallback	40	static
../Core/Src/main.c:451:6:HAL_I2C_MemTxCpltCallback	16	static
../Core/Src/main.c:455:6:HAL_I2C_MemRxCpltCallback	24	static,ignoring_inline_asm
../Core/Src/main.c:470:6:HAL_TIM_PeriodElapsedCallback	16	static
../Core/Src/main.c:488:6:Error_Handler	4	static,ignoring_inline_asm
