../Core/Src/main.c:121:5:main	8
../Core/Src/main.c:210:6:SystemClock_Config	3
../Core/Src/main.c:253:13:MX_ADC1_Init	3
../Core/Src/main.c:305:13:MX_I2C1_Init	2
../Core/Src/main.c:339:13:MX_IWDG_Init	2
../Core/Src/main.c:367:13:MX_USART1_UART_Init	2
../Core/Src/main.c:400:13:MX_USART2_UART_Init	2
../Core/Src/main.c:431:13:MX_DMA_Init	1
../Core/Src/main.c:453:13:MX_GPIO_Init	1
../Core/Src/main.c:491:6:HAL_ADC_ConvCpltCallback	2
../Core/Src/main.c:498:6:HAL_UART_RxCpltCallback	2
../Core/Src/main.c:506:6:HAL_I2C_MemRxCpltCallback	2
../Core/Src/main.c:512:6:HAL_UART_TxCpltCallback	2
../Core/Src/main.c:527:6:HAL_TIM_PeriodElapsedCallback	2
../Core/Src/main.c:545:6:Error_Handler	1
