../App/Src/app_tasks.c:89:10:xorshift32_star	16	static
../App/Src/app_tasks.c:100:6:I2CSensorTaskHandler	24	static
../App/Src/app_tasks.c:123:6:UARTReceiverTaskHandler	64	static
../App/Src/app_tasks.c:144:6:ADCSensorTaskHandler	32	static
../App/Src/app_tasks.c:165:6:ConsumerTaskHandler	40	static
../App/Src/app_tasks.c:216:6:FlowControlTaskHandler	56	static
../App/Src/app_tasks.c:290:6:MonitorTaskHandler	24	static
../App/Src/app_tasks.c:299:6:FaultTaskHandler	24	static
../App/Src/app_tasks.c:308:6:vApplicationIdleHook	8	static
