../App/Src/app_tasks.c:155:10:xorshift32_star	16	static
../App/Src/app_tasks.c:166:6:I2CSensorTaskHandler	24	static
../App/Src/app_tasks.c:196:6:UARTReceiverTaskHandler	40	static
../App/Src/app_tasks.c:224:6:ADCSensorTaskHandler	32	static
../App/Src/app_tasks.c:252:6:ConsumerTaskHandler	48	static
../App/Src/app_tasks.c:302:6:FlowControlTaskHandler	56	static
../App/Src/app_tasks.c:392:6:MonitorTaskHandler	32	static
../App/Src/app_tasks.c:470:6:FaultTaskHandler	40	static
../App/Src/app_tasks.c:518:6:WatchDogTaskHandler	40	static
../App/Src/app_tasks.c:559:6:vApplicationIdleHook	8	static
../App/Src/app_tasks.c:565:6:vApplicationStackOverflowHook	24	static,ignoring_inline_asm
